cup(_1) :- small(_1),part(_1,handle),part(_1,_59),concave(_59),points_up(_59)
